editor: editor: starting
editor: context stopped
editor: starting
editor: Ctrl+D pressed
editor: starting
editor: Ctrl+D pressed
editor: starting
editor: Ctrl+D pressed
editor: 2025/04/26 14:40:05 starting
editor: 2025/04/26 14:40:13 context stopped
editor: 2025/04/26 14:45:22 starting
editor: 2025/04/26 14:45:23 Ctrl+D pressed
editor: 2025/04/26 15:24:07 starting
editor: 2025/04/26 15:24:12 Ctrl+D pressed
output: 2025/04/26 15:24:12 Closing output terminal
editor: 2025/04/26 15:26:31 starting
editor: 2025/04/26 15:26:38 context stopped
input: 2025/04/26 15:26:38 stopping input
output: 2025/04/26 15:26:38 Closing output terminal
editor: 2025/04/26 15:27:56 starting
input: 2025/04/26 15:27:56 setting terminal attributes: 536872135
editor: 2025/04/26 15:28:42 Ctrl+D pressed
output: 2025/04/26 15:28:42 Closing output terminal
input: 2025/04/26 15:28:42 stopping input
2025/04/26 15:31:22 editor: starting
2025/04/26 15:31:22 input: setting terminal attributes: 536872135
2025/04/26 15:31:31 editor: Ctrl+D pressed
2025/04/26 15:31:31 input: stopping input
2025/04/26 15:31:31 output: Closing output terminal
2025/04/26 15:32:55 editor.go:47: editor: starting
2025/04/26 15:32:55 input_terminal.go:54: input: setting terminal attributes: 536872135
2025/04/26 15:33:35 editor.go:69: editor: Ctrl+D pressed
2025/04/26 15:33:35 input_terminal.go:64: input: stopping input
2025/04/26 15:33:35 output_terminal.go:87: output: Closing output terminal
2025/04/26 15:33:39 editor.go:47: [editor]starting
2025/04/26 15:33:39 input_terminal.go:54: [input]setting terminal attributes: 536872135
2025/04/26 15:33:49 editor.go:69: [editor]Ctrl+D pressed
2025/04/26 15:33:49 output_terminal.go:87: [output]Closing output terminal
2025/04/26 15:33:49 input_terminal.go:64: [input]stopping input
[editor] 2025/04/26 15:34:17 editor.go:47: starting
[input] 2025/04/26 15:34:17 input_terminal.go:54: setting terminal attributes: 536872135
[editor] 2025/04/26 15:35:31 editor.go:69: Ctrl+D pressed
[input] 2025/04/26 15:35:31 input_terminal.go:64: stopping input
[output] 2025/04/26 15:35:31 output_terminal.go:87: Closing output terminal
[editor] 2025/04/26 15:37:01 editor.go:47: starting
[input] 2025/04/26 15:37:01 input_terminal.go:54: setting terminal attributes: 536872135
[editor] 2025/04/26 15:37:26 editor.go:59: context stopped
[output] 2025/04/26 15:37:26 output_terminal.go:87: Closing output terminal
[input] 2025/04/26 15:37:26 input_terminal.go:64: stopping input
[editor] 2025/04/26 15:37:30 editor.go:47: starting
[input] 2025/04/26 15:37:30 input_terminal.go:54: setting terminal attributes: 536872135
[editor] 2025/04/26 15:37:36 editor.go:276: no changes to undo
[editor] 2025/04/26 15:37:37 editor.go:276: no changes to undo
[editor] 2025/04/26 15:37:37 editor.go:276: no changes to undo
[editor] 2025/04/26 15:37:38 editor.go:276: no changes to undo
[editor] 2025/04/26 15:37:38 editor.go:276: no changes to undo
[editor] 2025/04/26 15:37:38 editor.go:276: no changes to undo
[editor] 2025/04/26 15:37:58 editor.go:69: Ctrl+D pressed
[output] 2025/04/26 15:37:58 output_terminal.go:87: Closing output terminal
[input] 2025/04/26 15:37:58 input_terminal.go:64: stopping input
